[cs.trade/index.html]
[invitejs.trustpilot.com/tp.min.js]
[widget.trustpilot.com/bootstrap/v5/tp.widget.bootstrap.min.js]
[maxcdn.bootstrapcdn.com/bootstrap/3.3.6/css/bootstrap.min.css]
[cs.trade/css/bootstrapsh.min.css]
[cs.trade/css/jquery.mCustomScrollbar.css]
[cdnjs.cloudflare.com/ajax/libs/toastr.js/latest/css/toastr.min.css]
[code.jquery.com/ui/1.12.1/themes/base/jquery-ui.css]
[cdn.jsdelivr.net/jquery.slick/1.5.9/slick.css]
[cdn.jsdelivr.net/jquery.slick/1.5.9/slick-theme.css]
[cs.trade/css/navc81e.css]
[cs.trade/css/jquery-ui.theme.min.css]
[cs.trade/css/main3416.css]
[cs.trade/css/odometer-theme-default.css]
[cs.trade/css/odometer-theme-train-station.css]
[backblue.gif]
[fade.gif]
[index.html]
[cs.trade/css/cb.css]
[cs.trade/favicon2/apple-icon-57x57.png]
[cs.trade/favicon2/apple-icon-60x60.png]
[cs.trade/favicon2/apple-icon-72x72.png]
[cs.trade/favicon2/apple-icon-76x76.png]
[cs.trade/favicon2/apple-icon-114x114.png]
[cs.trade/favicon2/apple-icon-120x120.png]
[cs.trade/favicon2/apple-icon-144x144.png]
[cs.trade/favicon2/apple-icon-152x152.png]
[cs.trade/favicon2/apple-icon-180x180.png]
[cs.trade/favicon2/android-icon-192x192.png]
[cs.trade/favicon2/favicon-32x32.png]
[cs.trade/favicon2/favicon-96x96.png]
[cs.trade/favicon2/favicon-16x16.png]
[connect.facebook.net/en_US/fbevents.js]
[cs.trade/images/page/cstrade-logo.png]
[cs.trade/about.html]
[cs.trade/images/page/support.png]
[cs.trade/giveaway.html]
[cs.trade/images/page/gift.png]
[cs.trade/images/page/invest-f-orange-icon-sm.png]
[cs.trade/images/page/steam-logo.png]
[cs.trade/images/page/flags/en.png]
[cs.trade/ru.html]
[cs.trade/images/page/flags/ru.png]
[cs.trade/pl.html]
[cs.trade/images/page/flags/pl.png]
[cs.trade/ua.html]
[cs.trade/images/page/flags/ua.png]
[cs.trade/de.html]
[cs.trade/images/page/flags/de.png]
[cs.trade/tr.html]
[cs.trade/images/page/flags/tr.png]
[cs.trade/ro.html]
[cs.trade/images/page/flags/ro.png]
[cs.trade/fr.html]
[cs.trade/images/page/flags/fr.png]
[cs.trade/es.html]
[cs.trade/images/page/flags/es.png]
[cs.trade/zh.html]
[cs.trade/images/page/flags/zh.png]
[cs.trade/hi.html]
[cs.trade/images/page/flags/hi.png]
[cs.trade/jp.html]
[cs.trade/images/page/flags/jp.png]
[cs.trade/ko.html]
[cs.trade/images/page/flags/ko.png]
[cs.trade/images/page/gameseccb.png]
[cs.trade/images/page/down-arrow.png]
[cs.trade/images/page/update.svg]
[cs.trade/images/page/games/csgo.jpg]
[cs.trade/images/page/games/dota2.jpg]
[cs.trade/images/page/games/rust.jpg]
[cs.trade/images/page/games/tf2.jpg]
[cs.trade/images/page/clepsydra.png]
[cs.trade/images/page/mouse-right.png]
[cs.trade/images/page/loader_karambit3.png]
[cs.trade/images/page/howto-example.jpg]
[cs.trade/images/page/trade-icon.png]
[cs.trade/images/page/AWP_ASIIMOV_GIVEAWAY_JAN.jpg]
[cs.trade/images/page/facebook.png]
[cs.trade/images/page/twitter.png]
[cs.trade/images/page/steam.png]
[cs.trade/js/jquery-2.1.4.min.js]
[cs.trade/js/bootstrap32.min.js]
[cs.trade/js/jquery.mCustomScrollbar.js]
[cs.trade/js/jquery-ui.min.js]
[cs.trade/js/jsrender.min.js]
[cs.trade/js/toastr.min.js]
[cs.trade/js/odometer.min.js]
[cs.trade/js/js.cookie.js]
[cdnjs.cloudflare.com/ajax/libs/socket.io/2.1.1/socket.io.js]
[cs.trade/images/page/games/h1z1.jpg]
[cs.trade/images/page/stopwatch-color.png]
[cs.trade/images/page/remove.png]
[cs.trade/index.html]
[www.googletagmanager.com/gtm5445.html]
[cs.trade/js/pane52.min.js]
[cs.trade/xhr.js]
[cs.trade/GET]
[cs.trade/lib/widget-management.js]
[widget.trustpilot.com/bootstrap/v5/tp.widget.bootstrap.min.js]
[maxcdn.bootstrapcdn.com/bootstrap/3.3.6/css/bootstrap.min.css]
[cs.trade/fonts/glyphicons-halflings-regular.eot]
[cs.trade/fonts/glyphicons-halflings-regulard41d.eot]
[cs.trade/fonts/glyphicons-halflings-regular.woff]
[cs.trade/fonts/glyphicons-halflings-regular.ttf]
[cs.trade/css/bootstrapsh.min.css]
[cs.trade/fonts/glyphicons-halflings-regular.svg]
[cs.trade/css/mCSB_buttons.png]
[cs.trade/css/jquery.mCustomScrollbar.css]
[cdnjs.cloudflare.com/ajax/libs/toastr.js/latest/css/toastr.min.css]
[code.jquery.com/ui/1.12.1/themes/base/images/ui-icons_444444_256x240.png]
[code.jquery.com/ui/1.12.1/themes/base/images/ui-icons_555555_256x240.png]
[code.jquery.com/ui/1.12.1/themes/base/images/ui-icons_ffffff_256x240.png]
[code.jquery.com/ui/1.12.1/themes/base/images/ui-icons_777620_256x240.png]
[code.jquery.com/ui/1.12.1/themes/base/images/ui-icons_cc0000_256x240.png]
[code.jquery.com/ui/1.12.1/themes/base/jquery-ui.css]
[code.jquery.com/ui/1.12.1/themes/base/images/ui-icons_777777_256x240.png]
[cdn.jsdelivr.net/jquery.slick/1.5.9/slick.css]
[cdn.jsdelivr.net/jquery.slick/1.5.9/ajax-loader.gif]
[cdn.jsdelivr.net/jquery.slick/1.5.9/fonts/slick.eot]
[cdn.jsdelivr.net/jquery.slick/1.5.9/fonts/slickd41d.eot]
[cdn.jsdelivr.net/jquery.slick/1.5.9/fonts/slick.woff]
[cdn.jsdelivr.net/jquery.slick/1.5.9/fonts/slick.ttf]
[cdn.jsdelivr.net/jquery.slick/1.5.9/fonts/slick.svg]
[cdn.jsdelivr.net/jquery.slick/1.5.9/slick-theme.css]
[cs.trade/css/navc81e.css]
[cs.trade/css/images/ui-bg_inset-soft_25_000000_1x100.png]
[cs.trade/css/images/ui-bg_gloss-wave_25_333333_500x100.png]
[cs.trade/css/images/ui-bg_glass_20_555555_1x400.png]
[cs.trade/css/images/ui-bg_glass_40_0078a3_1x400.png]
[cs.trade/css/images/ui-bg_inset-soft_30_f58400_1x100.png]
[cs.trade/css/images/ui-bg_highlight-soft_80_eeeeee_1x100.png]
[cs.trade/css/images/ui-bg_glass_40_ffc73d_1x400.png]
[cs.trade/css/images/ui-icons_cccccc_256x240.png]
[cs.trade/css/images/ui-icons_ffffff_256x240.png]
[cs.trade/css/images/ui-icons_222222_256x240.png]
[cs.trade/css/images/ui-icons_4b8e0b_256x240.png]
[cs.trade/css/images/ui-icons_a83300_256x240.png]
[cs.trade/css/jquery-ui.theme.min.css]
[cs.trade/images/page/header-test.jpg]
[cs.trade/images/page/search.png]
[cs.trade/css/main3416.css]
[cs.trade/css/odometer-theme-default.css]
[cs.trade/css/odometer-theme-train-station.css]
[www.csscheckbox.com/checkboxes/dark-check-green.png]
[www.csscheckbox.com/checkboxes/lite-green-check.png]
[www.csscheckbox.com/checkboxes/lite-blue-check.png]
[www.csscheckbox.com/checkboxes/lite-gray-check.png]
[www.csscheckbox.com/checkboxes/lite-cyan-check.png]
[www.csscheckbox.com/checkboxes/lite-orange-check.png]
[www.csscheckbox.com/checkboxes/lite-red-check.png]
[www.csscheckbox.com/checkboxes/lite-x-cyan.png]
[www.csscheckbox.com/checkboxes/lite-x-gray.png]
[www.csscheckbox.com/checkboxes/lite-x-blue.png]
[www.csscheckbox.com/checkboxes/lite-x-orange.png]
[www.csscheckbox.com/checkboxes/lite-x-red.png]
[www.csscheckbox.com/checkboxes/lite-x-green.png]
[www.csscheckbox.com/checkboxes/mac-style.png]
[www.csscheckbox.com/checkboxes/mario-style.png]
[www.csscheckbox.com/checkboxes/alert-style.png]
[www.csscheckbox.com/checkboxes/lite-plus.png]
[www.csscheckbox.com/checkboxes/dark-plus.png]
[www.csscheckbox.com/checkboxes/dark-plus-cyan.png]
[www.csscheckbox.com/checkboxes/dark-plus-orange.png]
[www.csscheckbox.com/checkboxes/dark-check-cyan.png]
[cs.trade/images/page/dark-check-orange.png]
[www.csscheckbox.com/checkboxes/depressed-lite-small.png]
[www.csscheckbox.com/checkboxes/elegant.png]
[www.csscheckbox.com/checkboxes/depressed.png]
[www.csscheckbox.com/checkboxes/chrome-style.png]
[www.csscheckbox.com/checkboxes/web-two-style.png]
[www.csscheckbox.com/checkboxes/vlad.png]
[www.csscheckbox.com/checkboxes/klaus.png]
[cs.trade/css/cb.css]
[cs.trade/c]
[cs.trade/b]
[cs.trade/POST]
[connect.facebook.net/en_US/fbevents.js]
[cs.trade/about/ru.html]
[cs.trade/about/pl.html]
[cs.trade/about/ua.html]
[cs.trade/about/de.html]
[cs.trade/about/tr.html]
[cs.trade/about/ro.html]
[cs.trade/about/fr.html]
[cs.trade/about/es.html]
[cs.trade/about/zh.html]
[cs.trade/about/hi.html]
[cs.trade/about/jp.html]
[cs.trade/about/ko.html]
[cs.trade/images/page/howtotrade/1c81e.jpg]
[cs.trade/images/page/howtotrade/2c81e.jpg]
[cs.trade/images/page/howtotrade/3c81e.jpg]
[cs.trade/images/page/howtotrade/4.jpg]
[cs.trade/images/page/howtotrade/5.jpg]
[cs.trade/images/page/howtotrade/6c81e.jpg]
[cs.trade/about.html]
[cs.trade/my_reservations.html]
[cs.trade/giveaway/ru.html]
[cs.trade/giveaway/pl.html]
[cs.trade/giveaway/ua.html]
[cs.trade/giveaway/de.html]
[cs.trade/giveaway/tr.html]
[cs.trade/giveaway/ro.html]
[cs.trade/giveaway/fr.html]
[cs.trade/giveaway/es.html]
[cs.trade/giveaway/zh.html]
[cs.trade/giveaway/hi.html]
[cs.trade/giveaway/jp.html]
[cs.trade/giveaway/ko.html]
[cs.trade/giveaway.html]
[widget.gleamjs.io/e.js]
[cs.trade/ru.html]
[cs.trade/images/page/howto-example-pl.jpg]
[cs.trade/pl.html]
[cs.trade/ua.html]
[cs.trade/de.html]
[cs.trade/tr.html]
[cs.trade/ro.html]
[cs.trade/fr.html]
[cs.trade/es.html]
[cs.trade/zh.html]
[cs.trade/hi.html]
[cs.trade/jp.html]
[cs.trade/ko.html]
[cs.trade/images/page/update.svg]
[cs.trade/xhr.html]
[cs.trade/GET.html]
[cs.trade/lib/widget-management.html]
[cs.trade/fonts/glyphicons-halflings-regular.html]
[cs.trade/fonts/glyphicons-halflings-regular.svg]
[cdn.jsdelivr.net/jquery.slick/1.5.9/fonts/slick.svg]
[cs.trade/c.html]
[cs.trade/b.html]
[cs.trade/POST.html]
[cs.trade/about/ru.html]
[cs.trade/my_reservations/ru.html]
[cs.trade/about/pl.html]
[cs.trade/my_reservations/pl.html]
[cs.trade/about/ua.html]
[cs.trade/my_reservations/ua.html]
[cs.trade/about/de.html]
[cs.trade/my_reservations/de.html]
[cs.trade/about/tr.html]
[cs.trade/my_reservations/tr.html]
[cs.trade/about/ro.html]
[cs.trade/my_reservations/ro.html]
[cs.trade/about/fr.html]
[cs.trade/my_reservations/fr.html]
[cs.trade/about/es.html]
[cs.trade/my_reservations/es.html]
[cs.trade/about/zh.html]
[cs.trade/my_reservations/zh.html]
[cs.trade/about/hi.html]
[cs.trade/my_reservations/hi.html]
[cs.trade/about/jp.html]
[cs.trade/my_reservations/jp.html]
[cs.trade/about/ko.html]
[cs.trade/my_reservations/ko.html]
[cs.trade/my_balance.html]
[cs.trade/my_trades.html]
[cs.trade/my_investments.html]
[cs.trade/images/page/clepsydra-big.png]
[cs.trade/my_reservations.html]
[cs.trade/giveaway/ru.html]
[cs.trade/giveaway/pl.html]
[cs.trade/giveaway/ua.html]
[cs.trade/giveaway/de.html]
[cs.trade/giveaway/tr.html]
[cs.trade/giveaway/ro.html]
[cs.trade/giveaway/fr.html]
[cs.trade/giveaway/es.html]
[cs.trade/giveaway/zh.html]
[cs.trade/giveaway/hi.html]
[cs.trade/giveaway/jp.html]
[cs.trade/giveaway/ko.html]
[cs.trade/my_balance/ru.html]
[cs.trade/my_trades/ru.html]
[cs.trade/my_reservations/ru.html]
[cs.trade/my_investments/ru.html]
[cs.trade/my_balance/pl.html]
[cs.trade/my_trades/pl.html]
[cs.trade/my_reservations/pl.html]
[cs.trade/my_investments/pl.html]
[cs.trade/my_balance/ua.html]
[cs.trade/my_trades/ua.html]
[cs.trade/my_reservations/ua.html]
[cs.trade/my_investments/ua.html]
[cs.trade/my_balance/de.html]
[cs.trade/my_trades/de.html]
[cs.trade/my_reservations/de.html]
[cs.trade/my_investments/de.html]
[cs.trade/my_balance/tr.html]
[cs.trade/my_trades/tr.html]
[cs.trade/my_reservations/tr.html]
[cs.trade/my_investments/tr.html]
[cs.trade/my_balance/ro.html]
[cs.trade/my_trades/ro.html]
[cs.trade/my_reservations/ro.html]
[cs.trade/my_investments/ro.html]
[cs.trade/my_balance/fr.html]
[cs.trade/my_trades/fr.html]
[cs.trade/my_reservations/fr.html]
[cs.trade/my_investments/fr.html]
[cs.trade/my_balance/es.html]
[cs.trade/my_trades/es.html]
[cs.trade/my_reservations/es.html]
[cs.trade/my_investments/es.html]
[cs.trade/my_balance/zh.html]
[cs.trade/my_trades/zh.html]
[cs.trade/my_reservations/zh.html]
[cs.trade/my_investments/zh.html]
[cs.trade/my_balance/hi.html]
[cs.trade/my_trades/hi.html]
[cs.trade/my_reservations/hi.html]
[cs.trade/my_investments/hi.html]
[cs.trade/my_balance/jp.html]
[cs.trade/my_trades/jp.html]
[cs.trade/my_reservations/jp.html]
[cs.trade/my_investments/jp.html]
[cs.trade/my_balance/ko.html]
[cs.trade/my_trades/ko.html]
[cs.trade/my_reservations/ko.html]
[cs.trade/my_investments/ko.html]
[cs.trade/images/page/balance-big.png]
[cs.trade/my_balance.html]
[cs.trade/my_trades.html]
[cs.trade/my_investments.html]
[cs.trade/my_balance/ru.html]
[cs.trade/my_trades/ru.html]
[cs.trade/my_investments/ru.html]
[cs.trade/my_balance/pl.html]
[cs.trade/my_trades/pl.html]
[cs.trade/my_investments/pl.html]
[cs.trade/my_balance/ua.html]
[cs.trade/my_trades/ua.html]
[cs.trade/my_investments/ua.html]
[cs.trade/my_balance/de.html]
[cs.trade/my_trades/de.html]
[cs.trade/my_investments/de.html]
[cs.trade/my_balance/tr.html]
[cs.trade/my_trades/tr.html]
[cs.trade/my_investments/tr.html]
[cs.trade/my_balance/ro.html]
[cs.trade/my_trades/ro.html]
[cs.trade/my_investments/ro.html]
[cs.trade/my_balance/fr.html]
[cs.trade/my_trades/fr.html]
[cs.trade/my_investments/fr.html]
[cs.trade/my_balance/es.html]
[cs.trade/my_trades/es.html]
[cs.trade/my_investments/es.html]
[cs.trade/my_balance/zh.html]
[cs.trade/my_trades/zh.html]
[cs.trade/my_investments/zh.html]
[cs.trade/my_balance/hi.html]
[cs.trade/my_trades/hi.html]
[cs.trade/my_investments/hi.html]
[cs.trade/my_balance/jp.html]
[cs.trade/my_trades/jp.html]
[cs.trade/my_investments/jp.html]
[cs.trade/my_balance/ko.html]
[cs.trade/my_trades/ko.html]
[cs.trade/my_investments/ko.html]
